Microchip MPLAB XC8 Compiler V2.32

Linker command line:

-W-3 --edf=C:\Program Files\Microchip\xc8\v2.32\pic\dat\en_msgs.txt -cn \
  -h+dist/default/production\Project.X.production.sym \
  --cmf=dist/default/production\Project.X.production.cmf -z -Q18F4550 \
  -oC:\Users\techm\AppData\Local\Temp\xcAshpo.4 --defsym=__MPLAB_BUILD=1 \
  -Mdist/default/production/Project.X.production.map -E1 -ver=XC8 Compiler \
  --acfsm=1493 -ASTACK=060h-07FFh -pstack=STACK -ACODE=00h-07FFFh \
  -ACONST=00h-07FFFh -ASMALLCONST=0800h-08FFhx120 \
  -AMEDIUMCONST=0800h-07FFFh -ACOMRAM=01h-05Fh -AABS1=00h-07FFh \
  -ABIGRAM=01h-07FFh -ARAM=060h-0FFh,0100h-01FFhx7 -ABANK0=060h-0FFh \
  -ABANK1=0100h-01FFh -ABANK2=0200h-02FFh -ABANK3=0300h-03FFh \
  -ABANK4=0400h-04FFh -ABANK5=0500h-05FFh -ABANK6=0600h-06FFh \
  -ABANK7=0700h-07FFh -ASFR=0F60h-0FFFh -ACONFIG=0300000h-030000Dh \
  -AIDLOC=0200000h-0200007h -AEEDATA=0F00000h-0F000FFh -peeprom_data=EEDATA \
  -preset_vec=00h,intcode=08h,intcodelo,powerup,init -pramtop=0800h \
  -psmallconst=SMALLCONST -pmediumconst=MEDIUMCONST -pconst=CONST \
  -AFARRAM=00h-00h \
  -prdata=COMRAM,nvrram=COMRAM,nvbit=COMRAM,rbss=COMRAM,rbit=COMRAM \
  -pfarbss=FARRAM,fardata=FARRAM,nvFARRAM=FARRAM \
  -pintsave_regs=BIGRAM,bigbss=BIGRAM,bigdata=BIGRAM -pbss=RAM \
  -pidata=CODE,irdata=CODE,ibigdata=CODE,ifardata=CODE -prparam=COMRAM \
  C:\Users\techm\AppData\Local\Temp\xcAshpo.o \
  dist/default/production\Project.X.production.o 

Object code version is 3.11

Machine type is 18F4550



                Name                               Link     Load   Length Selector   Space Scale
C:\Users\techm\AppData\Local\Temp\xcAshpo.o
                idloc                            200000   200000        8        0       5
                config                           300000   300000        E        0       4
                init                                  E        E        4        4       0
                reset_vec                             0        0        4        0       0
dist/default/production\Project.X.production.o
                intcode                               8        8        6        4       0
                idloc                            200000   200000        8        0       5
                config                           300000   300000        E        0       4
                temp                                 29       29        1        1       1
                mediumconst                        6F3A     6F3A     10C6     379D       0
                text13                              5D0      5D0       4C        4       0
                text12                              61C      61C       46        4       0
                text11                               12       12      10A        4       0
                intcode_body                        74E      74E       18        4       0
                text9                               6A4      6A4       42        4       0
                text8                               43A      43A       8E        4       0
                text7                               550      550       80        4       0
                text6                               1EE      1EE       CA        4       0
                text5                               2B8      2B8       C4        4       0
                text4                               662      662       42        4       0
                text3                               11C      11C       D2        4       0
                text2                               37C      37C       BE        4       0
                text1                               71C      71C       32        4       0
                text0                               4C8      4C8       88        4       0
                cstackCOMRAM                          1        1       20        1       1
                dataCOMRAM                           25       25        4        1       1
                bssCOMRAM                            21       21        4        1       1
                cinit                               6E6      6E6       36        4       0
                idataCOMRAM                         766      766        4        4       0

TOTAL           Name                               Link     Load   Length     Space
        CLASS   STACK          

        CLASS   CODE           
                intcode                               8        8        6         0
                init                                  E        E        4         0
                reset_vec                             0        0        4         0
                text13                              5D0      5D0       4C         0
                text12                              61C      61C       46         0
                text11                               12       12      10A         0
                intcode_body                        74E      74E       18         0
                text9                               6A4      6A4       42         0
                text8                               43A      43A       8E         0
                text7                               550      550       80         0
                text6                               1EE      1EE       CA         0
                text5                               2B8      2B8       C4         0
                text4                               662      662       42         0
                text3                               11C      11C       D2         0
                text2                               37C      37C       BE         0
                text1                               71C      71C       32         0
                text0                               4C8      4C8       88         0
                cinit                               6E6      6E6       36         0
                idataCOMRAM                         766      766        4         0

        CLASS   CONST          

        CLASS   SMALLCONST     

        CLASS   MEDIUMCONST    
                mediumconst                        6F3A     6F3A     10C6         0

        CLASS   COMRAM         
                temp                                 29       29        1         1
                cstackCOMRAM                          1        1       20         1
                dataCOMRAM                           25       25        4         1
                bssCOMRAM                            21       21        4         1

        CLASS   ABS1           

        CLASS   BIGRAM         

        CLASS   RAM            

        CLASS   BANK0          

        CLASS   BANK1          

        CLASS   BANK2          

        CLASS   BANK3          

        CLASS   BANK4          

        CLASS   BANK5          

        CLASS   BANK6          

        CLASS   BANK7          

        CLASS   SFR            

        CLASS   CONFIG         
                config                           300000   300000        E         4

        CLASS   IDLOC          
                idloc                            200000   200000        8         5

        CLASS   EEDATA         

        CLASS   FARRAM         



SEGMENTS        Name                           Load    Length   Top    Selector   Space  Class

                reset_vec                      000000  000004  000004         0       0  CODE    
                cstackCOMRAM                   000001  000029  00002A         1       1  COMRAM  
                intcode                        000008  000762  00076A         4       0  CODE    
                mediumconst                    006F3A  0010C6  008000      379D       0  MEDIUMCO


UNUSED ADDRESS RANGES

        Name                Unused          Largest block    Delta
        BANK0            000060-0000FF               A0
        BANK1            000100-0001FF              100
        BANK2            000200-0002FF              100
        BANK3            000300-0003FF              100
        BANK4            000400-0004FF              100
        BANK5            000500-0005FF              100
        BANK6            000600-0006FF              100
        BANK7            000700-0007FF              100
        BIGRAM           00002A-0007FF              7D6
        CODE             000004-000007                4
                         00076A-006F39             67D0
        COMRAM           00002A-00005F               36
        CONST            000004-000007                4
                         00076A-006F39             67D0
        EEDATA           F00000-F000FF              100
        MEDIUMCONST      000800-006F39             673A
        RAM              000060-0007FF              100
        SFR              000F60-000FFF               A0
        SMALLCONST       000800-006F39              100
        STACK            000060-0007FF              7A0

                                  Symbol Table

?___awdiv                 cstackCOMRAM 000009
Delay_Ms@count            cstackCOMRAM 000005
Delay_Ms@i                cstackCOMRAM 000003
Delay_Ms@ms               cstackCOMRAM 000001
_ADCON1                   (abs)        000FC1
_CREDITS                  mediumconst  0077FE
_Delay_Ms                 text13       0005D0
_Font3x6                  mediumconst  00773B
_Font8x8                  mediumconst  006F3B
_INTCONbits               (abs)        000FF2
_LATBbits                 (abs)        000F8A
_LATD                     (abs)        000F8C
_LATEbits                 (abs)        000F8D
_MENU                     mediumconst  007BFE
_PORTA                    (abs)        000F80
_PORTAbits                (abs)        000F80
_PORTB                    (abs)        000F81
_PORTC                    (abs)        000F82
_PORTCbits                (abs)        000F82
_PORTD                    (abs)        000F83
_PORTEbits                (abs)        000F84
_T0CONbits                (abs)        000FD5
_TMR0                     (abs)        000FD6
_TRISA                    (abs)        000F92
_TRISAbits                (abs)        000F92
_TRISB                    (abs)        000F93
_TRISCbits                (abs)        000F94
_TRISD                    (abs)        000F95
_TRISEbits                (abs)        000F96
__HRAM                    (abs)        000000
__Habs1                   abs1         000000
__Hbank0                  bank0        000000
__Hbank1                  bank1        000000
__Hbank2                  bank2        000000
__Hbank3                  bank3        000000
__Hbank4                  bank4        000000
__Hbank5                  bank5        000000
__Hbank6                  bank6        000000
__Hbank7                  bank7        000000
__Hbigbss                 bigbss       000000
__Hbigdata                bigdata      000000
__Hbigram                 bigram       000000
__Hbss                    bss          000000
__HbssCOMRAM              bssCOMRAM    000000
__Hcinit                  cinit        000000
__Hclrtext                clrtext      000000
__Hcomram                 comram       000000
__Hconfig                 config       30000E
__Hconst                  const        000000
__HcstackCOMRAM           cstackCOMRAM 000000
__Hdata                   data         000000
__HdataCOMRAM             dataCOMRAM   000000
__Heeprom_data            eeprom_data  000000
__Hfarbss                 farbss       000000
__Hfardata                fardata      000000
__Hibigdata               ibigdata     000000
__Hidata                  idata        000000
__HidataCOMRAM            idataCOMRAM  000000
__Hidloc                  idloc        200008
__Hifardata               ifardata     000000
__Hinit                   init         000012
__Hintcode                intcode      00000E
__Hintcode_body           intcode_body 000000
__Hintcodelo              intcodelo    00000E
__Hintentry               intentry     000000
__Hintret                 intret       000000
__Hintsave_regs           intsave_regs 000000
__Hirdata                 irdata       000000
__Hmediumconst            mediumconst  008000
__HnvFARRAM               nvFARRAM     000000
__Hnvbit                  nvbit        000000
__Hnvrram                 nvrram       000000
__Hparam                  rparam       000000
__Hpowerup                powerup      00000E
__Hram                    ram          000000
__Hramtop                 ramtop       000800
__Hrbit                   rbit         000000
__Hrbss                   rbss         000000
__Hrdata                  rdata        000000
__Hreset_vec              reset_vec    000004
__Hrparam                 rparam       000000
__Hsfr                    sfr          000000
__Hsmallconst             smallconst   000000
__Hspace_0                (abs)        008000
__Hspace_1                (abs)        00002A
__Hspace_2                (abs)        000000
__Hspace_4                (abs)        60000E
__Hstack                  stack        000000
__Hstruct                 struct       000000
__Htemp                   temp         00002A
__Htext                   text         000000
__Htext0                  text0        000000
__Htext1                  text1        000000
__Htext11                 text11       000000
__Htext12                 text12       000000
__Htext13                 text13       000000
__Htext2                  text2        000000
__Htext3                  text3        000000
__Htext4                  text4        000000
__Htext5                  text5        000000
__Htext6                  text6        000000
__Htext7                  text7        000000
__Htext8                  text8        000000
__Htext9                  text9        000000
__LRAM                    (abs)        000001
__Labs1                   abs1         000000
__Lbank0                  bank0        000000
__Lbank1                  bank1        000000
__Lbank2                  bank2        000000
__Lbank3                  bank3        000000
__Lbank4                  bank4        000000
__Lbank5                  bank5        000000
__Lbank6                  bank6        000000
__Lbank7                  bank7        000000
__Lbigbss                 bigbss       000000
__Lbigdata                bigdata      000000
__Lbigram                 bigram       000000
__Lbss                    bss          000000
__LbssCOMRAM              bssCOMRAM    000000
__Lcinit                  cinit        000000
__Lclrtext                clrtext      000000
__Lcomram                 comram       000000
__Lconfig                 config       000000
__Lconst                  const        000000
__LcstackCOMRAM           cstackCOMRAM 000000
__Ldata                   data         000000
__LdataCOMRAM             dataCOMRAM   000000
__Leeprom_data            eeprom_data  000000
__Lfarbss                 farbss       000000
__Lfardata                fardata      000000
__Libigdata               ibigdata     000000
__Lidata                  idata        000000
__LidataCOMRAM            idataCOMRAM  000000
__Lidloc                  idloc        000000
__Lifardata               ifardata     000000
__Linit                   init         00000E
__Lintcode                intcode      000008
__Lintcode_body           intcode_body 000000
__Lintcodelo              intcodelo    00000E
__Lintentry               intentry     000000
__Lintret                 intret       000000
__Lintsave_regs           intsave_regs 000000
__Lirdata                 irdata       000000
__Lmediumconst            mediumconst  006F3A
__LnvFARRAM               nvFARRAM     000000
__Lnvbit                  nvbit        000000
__Lnvrram                 nvrram       000000
__Lparam                  rparam       000000
__Lpowerup                powerup      00000E
__Lram                    ram          000000
__Lramtop                 ramtop       000800
__Lrbit                   rbit         000000
__Lrbss                   rbss         000000
__Lrdata                  rdata        000000
__Lreset_vec              reset_vec    000000
__Lrparam                 rparam       000000
__Lsfr                    sfr          000000
__Lsmallconst             smallconst   000000
__Lspace_0                (abs)        000000
__Lspace_1                (abs)        000000
__Lspace_2                (abs)        000000
__Lspace_4                (abs)        000000
__Lstack                  stack        000000
__Lstruct                 struct       000000
__Ltemp                   temp         000029
__Ltext                   text         000000
__Ltext0                  text0        000000
__Ltext1                  text1        000000
__Ltext11                 text11       000000
__Ltext12                 text12       000000
__Ltext13                 text13       000000
__Ltext2                  text2        000000
__Ltext3                  text3        000000
__Ltext4                  text4        000000
__Ltext5                  text5        000000
__Ltext6                  text6        000000
__Ltext7                  text7        000000
__Ltext8                  text8        000000
__Ltext9                  text9        000000
__S0                      (abs)        008000
__S1                      (abs)        00002A
__S2                      (abs)        000000
__S4                      (abs)        000000
__S5                      (abs)        000000
___awdiv                  text5        0002B8
___awdiv@counter          cstackCOMRAM 00000D
___awdiv@dividend         cstackCOMRAM 000009
___awdiv@divisor          cstackCOMRAM 00000B
___awdiv@quotient         cstackCOMRAM 00000F
___awdiv@sign             cstackCOMRAM 00000E
___inthi_sp               stack        000000
___intlo_sp               stack        000000
___param_bank             (abs)        000000
___rparam_used            (abs)        000001
___sp                     stack        000000
__accesstop               (abs)        000060
__activetblptr            (abs)        000002
__end_of_CREDITS          mediumconst  007BFE
__end_of_Delay_Ms         text13       00061C
__end_of_Font3x6          mediumconst  0077FE
__end_of_Font8x8          mediumconst  00773B
__end_of_MENU             mediumconst  007FFE
__end_of___awdiv          text5        00037C
__end_of__initialization  cinit        00070E
__end_of_bruit            text12       000662
__end_of_exec             text11       00011C
__end_of_glcd_FillScreen  text7        0005D0
__end_of_glcd_Image       text8        0004C8
__end_of_glcd_Init        text6        0002B8
__end_of_glcd_PlotPixel   text3        0001EE
__end_of_glcd_ReadByte    text4        0006A4
__end_of_glcd_Rect        text2        00043A
__end_of_glcd_WriteByte   text9        0006E6
__end_of_init             text1        00074E
__end_of_main             text0        000550
__end_of_pushed           intcode_body 000766
__initialization          cinit        0006E6
__mediumconst             mediumconst  006F3A
__pbssCOMRAM              bssCOMRAM    000021
__pcinit                  cinit        0006E6
__pcstackCOMRAM           cstackCOMRAM 000001
__pdataCOMRAM             dataCOMRAM   000025
__pidataCOMRAM            idataCOMRAM  000766
__pintcode                intcode      000008
__pintcode_body           intcode_body 00074E
__pmediumconst            mediumconst  006F3A
__ptext0                  text0        0004C8
__ptext1                  text1        00071C
__ptext11                 text11       000012
__ptext12                 text12       00061C
__ptext13                 text13       0005D0
__ptext2                  text2        00037C
__ptext3                  text3        00011C
__ptext4                  text4        000662
__ptext5                  text5        0002B8
__ptext6                  text6        0001EE
__ptext7                  text7        000550
__ptext8                  text8        00043A
__ptext9                  text9        0006A4
__ramtop                  ramtop       000800
__size_of_Delay_Ms        (abs)        000000
__size_of___awdiv         (abs)        000000
__size_of_bruit           (abs)        000000
__size_of_exec            (abs)        000000
__size_of_glcd_FillScreen (abs)        000000
__size_of_glcd_Image      (abs)        000000
__size_of_glcd_Init       (abs)        000000
__size_of_glcd_PlotPixel  (abs)        000000
__size_of_glcd_ReadByte   (abs)        000000
__size_of_glcd_Rect       (abs)        000000
__size_of_glcd_WriteByte  (abs)        000000
__size_of_init            (abs)        000000
__size_of_main            (abs)        000000
__size_of_pushed          (abs)        000000
__smallconst              smallconst   000000
_bruit                    text12       00061C
_exec                     text11       000012
_glcd_FillScreen          text7        000550
_glcd_Image               text8        00043A
_glcd_Init                text6        0001EE
_glcd_PlotPixel           text3        00011C
_glcd_ReadByte            text4        000662
_glcd_Rect                text2        00037C
_glcd_WriteByte           text9        0006A4
_init                     text1        00071C
_main                     text0        0004C8
_posX                     dataCOMRAM   000027
_posY                     dataCOMRAM   000025
_pushed                   intcode      000008
_value                    bssCOMRAM    000021
_x                        bssCOMRAM    000024
_y                        bssCOMRAM    000023
bruit@i                   cstackCOMRAM 000007
btemp                     temp         000029
end_of_initialization     cinit        00070E
glcd_FillScreen@color     cstackCOMRAM 000013
glcd_FillScreen@i         cstackCOMRAM 000015
glcd_FillScreen@j         cstackCOMRAM 000014
glcd_Image@cs             cstackCOMRAM 00001B
glcd_Image@i              cstackCOMRAM 00001A
glcd_Image@img            cstackCOMRAM 000013
glcd_Image@j              cstackCOMRAM 000019
glcd_Image@ptr            cstackCOMRAM 000017
glcd_Init@mode            cstackCOMRAM 000017
glcd_PlotPixel@color      cstackCOMRAM 000014
glcd_PlotPixel@data       cstackCOMRAM 000018
glcd_PlotPixel@side       cstackCOMRAM 000019
glcd_PlotPixel@xpos       cstackCOMRAM 000017
glcd_PlotPixel@ypos       cstackCOMRAM 000013
glcd_ReadByte@data        cstackCOMRAM 00000A
glcd_ReadByte@side        cstackCOMRAM 000009
glcd_Rect@color           cstackCOMRAM 00001D
glcd_Rect@i               cstackCOMRAM 00001F
glcd_Rect@j               cstackCOMRAM 000020
glcd_Rect@xe              cstackCOMRAM 00001B
glcd_Rect@xs              cstackCOMRAM 00001E
glcd_Rect@ye              cstackCOMRAM 00001C
glcd_Rect@ys              cstackCOMRAM 00001A
glcd_WriteByte@data       cstackCOMRAM 000011
glcd_WriteByte@side       cstackCOMRAM 000012
int$flags                 temp         000029
int_func                  intcode_body 00074E
intlevel0                 text         000000
intlevel1                 text         000000
intlevel2                 text         000000
intlevel3                 text         000000
isa$std                   (abs)        000001
isa$xinst                 (abs)        000000
stackhi                   (abs)        0007FF
stacklo                   (abs)        000060
start                     init         00000E
start_initialization      cinit        0006E6
ttemp5                    temp         00002A
ttemp6                    temp         00002D
ttemp7                    temp         000031
wtemp8                    temp         00002A


MODULE INFORMATION

Module		Function		Class		Link	Load	Size
C:\Program Files\Microchip\xc8\v2.32\pic\sources\c99\common\awdiv.c
		___awdiv       		CODE           	02B8	0000	196

C:\Program Files\Microchip\xc8\v2.32\pic\sources\c99\common\awdiv.c estimated size: 196

Main.c
		_init          		CODE           	071C	0000	50
		_main          		CODE           	04C8	0000	136
		_Delay_Ms      		CODE           	05D0	0000	76
		_pushed        		CODE           	0008	0000	30
		_bruit         		CODE           	061C	0000	70
		_exec          		CODE           	0012	0000	266

Main.c estimated size: 628

shared
		_MENU          		MEDIUMCONST    	7BFE	0000	1024
		_Font3x6       		MEDIUMCONST    	773B	0000	195
		_Font8x8       		MEDIUMCONST    	6F3B	0000	2048
		__initialization		CODE           	06E6	0000	40
		_CREDITS       		MEDIUMCONST    	77FE	0000	1024

shared estimated size: 4331

glcd.c
		_glcd_WriteByte		CODE           	06A4	0000	66
		_glcd_Rect     		CODE           	037C	0000	190
		_glcd_Init     		CODE           	01EE	0000	202
		_glcd_ReadByte 		CODE           	0662	0000	66
		_glcd_FillScreen		CODE           	0550	0000	128
		_glcd_PlotPixel		CODE           	011C	0000	210
		_glcd_Image    		CODE           	043A	0000	142

glcd.c estimated size: 1004

